../Core/Src/main.c:66:6:delay_us	16	static
../Core/Src/main.c:72:6:displayLCD_Temp	40	static
../Core/Src/main.c:82:6:displayLCD_Rh	40	static
../Core/Src/main.c:99:6:Set_GPIO_Input	40	static
../Core/Src/main.c:108:6:Set_GPIO_Output	40	static
../Core/Src/main.c:127:6:MCU_StartSignal	8	static
../Core/Src/main.c:141:9:DHT11_CheckSignal	16	static
../Core/Src/main.c:159:9:DHT11_ReadSignal	16	static
../Core/Src/main.c:184:5:main	8	static
../Core/Src/main.c:261:6:SystemClock_Config	88	static
../Core/Src/main.c:308:13:MX_I2C1_Init	8	static
../Core/Src/main.c:342:13:MX_TIM6_Init	16	static
../Core/Src/main.c:380:13:MX_GPIO_Init	40	static
../Core/Src/main.c:415:6:Error_Handler	4	static,ignoring_inline_asm
